
  Tests:    189 risky (358 assertions)
  Duration: 298.82s
